"2026-06-02T02:34:51.053Z","70","INFO","","","","","","","","","","","Initializing Spring DispatcherServlet 'dispatcherServlet'"
"2026-06-02T02:34:51.053Z","72","INFO","","","","","","","","","","","Initializing Servlet 'dispatcherServlet'"
"2026-06-02T02:34:51.056Z","74","INFO","","","","","","","","","","","Completed initialization in 2 ms"
"2026-06-02T02:34:54.426Z","75","SUCCESS","AUTH_LOGIN_SUCCESS","auth","5f3cd59b-4949-470c-a9d2-08c5a4322118","","Sofia","0:0:0:0:0:0:0:1","","SUCCESS","","","User authenticated successfully."
"2026-06-02T02:34:54.526Z","79","WARN","","","661784b9-b56d-41ef-8f68-62a19f3028c8","","","0:0:0:0:0:0:0:1","","","","","[THYMELEAF][http-nio-8080-exec-6][main] Deprecated unwrapped fragment expression ""components/navbar :: navbar('user','')"" found in template main, line 41, col 6. Please use the complete syntax of fragment expressions instead (""~{components/navbar :: navbar('user','')}""). The old, unwrapped syntax for fragment expressions will be removed in future versions of Thymeleaf."
"2026-06-02T02:34:56.760Z","81","WARN","","","f3b4f659-00be-4f92-97b3-45419257b65f","","","0:0:0:0:0:0:0:1","","","","","[THYMELEAF][http-nio-8080-exec-5][main] Deprecated unwrapped fragment expression ""components/navbar :: navbar('user','')"" found in template main, line 41, col 6. Please use the complete syntax of fragment expressions instead (""~{components/navbar :: navbar('user','')}""). The old, unwrapped syntax for fragment expressions will be removed in future versions of Thymeleaf."
"2026-06-02T02:35:14.650Z","82","SUCCESS","WS_CONNECTED","websocket","7e76c5a7-84a2-42a6-9b43-5d7d9f46dbcd","qlj314kn","","","","CONNECTED","","","WebSocket session established."
"2026-06-02T02:35:14.724Z","85","INFO","PAYMENT_REQUEST_SENT","purchase_service","4ab341ab-7e31-4db3-a413-0afe31021297","2155F2011F8E15F2F934F259607C0121","10","0:0:0:0:0:0:0:1","VISA","STARTED","","","Checkout started for purchase flow."
"2026-06-02T02:35:14.751Z","88","INFO","PAYMENT_REQUEST_SENT","payment_gateway","4ab341ab-7e31-4db3-a413-0afe31021297","","","0:0:0:0:0:0:0:1","VISA","SENT","","","Payment request sent to external gateway."
"2026-06-02T02:35:15.836Z","91","ERROR","PAYMENT_DECLINED","payment_gateway","4ab341ab-7e31-4db3-a413-0afe31021297","","","0:0:0:0:0:0:0:1","VISA","FAILED","PAYMENT_DECLINED","","technical=Gateway returned a business rejection: Tarjeta rechazada. | functional=The card issuer declined the transaction."
"2026-06-02T02:35:15.838Z","94","INFO","PAYMENT_PHASE_QUEUED","rabbitmq","4ab341ab-7e31-4db3-a413-0afe31021297","2155F2011F8E15F2F934F259607C0121","","0:0:0:0:0:0:0:1","","QUEUED","","","Payment fase [INFO] published to RabbitMQ."
"2026-06-02T02:35:15.849Z","97","INFO","PAYMENT_PHASE_QUEUED","rabbitmq","4ab341ab-7e31-4db3-a413-0afe31021297","2155F2011F8E15F2F934F259607C0121","","0:0:0:0:0:0:0:1","","QUEUED","","","Payment fase [INFO] published to RabbitMQ."
"2026-06-02T02:35:15.850Z","100","INFO","PAYMENT_PHASE_QUEUED","rabbitmq","4ab341ab-7e31-4db3-a413-0afe31021297","2155F2011F8E15F2F934F259607C0121","","0:0:0:0:0:0:0:1","","QUEUED","","","Payment fase [INFO] published to RabbitMQ."
"2026-06-02T02:35:15.850Z","103","INFO","PAYMENT_PHASE_QUEUED","rabbitmq","4ab341ab-7e31-4db3-a413-0afe31021297","2155F2011F8E15F2F934F259607C0121","","0:0:0:0:0:0:0:1","","QUEUED","","","Payment fase [ERROR] published to RabbitMQ."
"2026-06-02T02:35:15.851Z","106","INFO","PAYMENT_PHASE_QUEUED","rabbitmq","4ab341ab-7e31-4db3-a413-0afe31021297","2155F2011F8E15F2F934F259607C0121","","0:0:0:0:0:0:0:1","","QUEUED","","","Payment fase [ERROR] published to RabbitMQ."
"2026-06-02T02:35:15.851Z","109","ERROR","PAYMENT_DECLINED","purchase_service","4ab341ab-7e31-4db3-a413-0afe31021297","2155F2011F8E15F2F934F259607C0121","10","0:0:0:0:0:0:0:1","VISA","FAILED","PAYMENT_DECLINED","","technical=Gateway rejected the payment: Tarjeta rechazada. | functional=The card was declined and the purchase was not completed."
"2026-06-02T02:35:15.959Z","112","SUCCESS","WS_MESSAGE_SENT","websocket","4ab341ab-7e31-4db3-a413-0afe31021297","2155F2011F8E15F2F934F259607C0121","","","","DELIVERED","","","Payment progress message sent to websocket topic."
"2026-06-02T02:35:16.053Z","115","SUCCESS","WS_MESSAGE_SENT","websocket","4ab341ab-7e31-4db3-a413-0afe31021297","2155F2011F8E15F2F934F259607C0121","","","","DELIVERED","","","Payment progress message sent to websocket topic."
"2026-06-02T02:35:16.148Z","118","SUCCESS","WS_MESSAGE_SENT","websocket","4ab341ab-7e31-4db3-a413-0afe31021297","2155F2011F8E15F2F934F259607C0121","","","","DELIVERED","","","Payment progress message sent to websocket topic."
"2026-06-02T02:35:16.248Z","121","SUCCESS","WS_MESSAGE_SENT","websocket","4ab341ab-7e31-4db3-a413-0afe31021297","2155F2011F8E15F2F934F259607C0121","","","","DELIVERED","","","Payment progress message sent to websocket topic."
"2026-06-02T02:35:16.997Z","124","SUCCESS","WS_MESSAGE_SENT","websocket","4ab341ab-7e31-4db3-a413-0afe31021297","2155F2011F8E15F2F934F259607C0121","","","","DELIVERED","","","Payment progress message sent to websocket topic."
"2026-06-02T02:42:02.689Z","127","SUCCESS","WS_CONNECTED","websocket","3165ac6e-469c-4ed0-9ebd-03bd94341e09","c10xs02a","","","","CONNECTED","","","WebSocket session established."
"2026-06-02T02:42:02.706Z","130","INFO","PAYMENT_REQUEST_SENT","purchase_service","421f0db4-dbf1-4993-95d6-9cc23bf316ee","2155F2011F8E15F2F934F259607C0121","10","0:0:0:0:0:0:0:1","VISA","STARTED","","","Checkout started for purchase flow."
"2026-06-02T02:42:02.706Z","133","INFO","PAYMENT_REQUEST_SENT","payment_gateway","421f0db4-dbf1-4993-95d6-9cc23bf316ee","","","0:0:0:0:0:0:0:1","VISA","SENT","","","Payment request sent to external gateway."
"2026-06-02T02:42:03.378Z","136","ERROR","PAYMENT_DECLINED","payment_gateway","421f0db4-dbf1-4993-95d6-9cc23bf316ee","","","0:0:0:0:0:0:0:1","VISA","FAILED","PAYMENT_DECLINED","","technical=Gateway returned a business rejection: Tarjeta rechazada. | functional=The card issuer declined the transaction."
"2026-06-02T02:42:03.378Z","139","INFO","PAYMENT_PHASE_QUEUED","rabbitmq","421f0db4-dbf1-4993-95d6-9cc23bf316ee","2155F2011F8E15F2F934F259607C0121","","0:0:0:0:0:0:0:1","","QUEUED","","","Payment fase [INFO] published to RabbitMQ."
"2026-06-02T02:42:03.383Z","142","INFO","PAYMENT_PHASE_QUEUED","rabbitmq","421f0db4-dbf1-4993-95d6-9cc23bf316ee","2155F2011F8E15F2F934F259607C0121","","0:0:0:0:0:0:0:1","","QUEUED","","","Payment fase [INFO] published to RabbitMQ."
"2026-06-02T02:42:03.383Z","145","INFO","PAYMENT_PHASE_QUEUED","rabbitmq","421f0db4-dbf1-4993-95d6-9cc23bf316ee","2155F2011F8E15F2F934F259607C0121","","0:0:0:0:0:0:0:1","","QUEUED","","","Payment fase [INFO] published to RabbitMQ."
"2026-06-02T02:42:03.384Z","148","INFO","PAYMENT_PHASE_QUEUED","rabbitmq","421f0db4-dbf1-4993-95d6-9cc23bf316ee","2155F2011F8E15F2F934F259607C0121","","0:0:0:0:0:0:0:1","","QUEUED","","","Payment fase [ERROR] published to RabbitMQ."
"2026-06-02T02:42:03.384Z","151","INFO","PAYMENT_PHASE_QUEUED","rabbitmq","421f0db4-dbf1-4993-95d6-9cc23bf316ee","2155F2011F8E15F2F934F259607C0121","","0:0:0:0:0:0:0:1","","QUEUED","","","Payment fase [ERROR] published to RabbitMQ."
"2026-06-02T02:42:03.385Z","154","ERROR","PAYMENT_DECLINED","purchase_service","421f0db4-dbf1-4993-95d6-9cc23bf316ee","2155F2011F8E15F2F934F259607C0121","10","0:0:0:0:0:0:0:1","VISA","FAILED","PAYMENT_DECLINED","","technical=Gateway rejected the payment: Tarjeta rechazada. | functional=The card was declined and the purchase was not completed."
"2026-06-02T02:42:03.489Z","157","SUCCESS","WS_MESSAGE_SENT","websocket","421f0db4-dbf1-4993-95d6-9cc23bf316ee","2155F2011F8E15F2F934F259607C0121","","","","DELIVERED","","","Payment progress message sent to websocket topic."
"2026-06-02T02:42:03.590Z","160","SUCCESS","WS_MESSAGE_SENT","websocket","421f0db4-dbf1-4993-95d6-9cc23bf316ee","2155F2011F8E15F2F934F259607C0121","","","","DELIVERED","","","Payment progress message sent to websocket topic."
"2026-06-02T02:42:03.691Z","163","SUCCESS","WS_MESSAGE_SENT","websocket","421f0db4-dbf1-4993-95d6-9cc23bf316ee","2155F2011F8E15F2F934F259607C0121","","","","DELIVERED","","","Payment progress message sent to websocket topic."
"2026-06-02T02:42:03.797Z","166","SUCCESS","WS_MESSAGE_SENT","websocket","421f0db4-dbf1-4993-95d6-9cc23bf316ee","2155F2011F8E15F2F934F259607C0121","","","","DELIVERED","","","Payment progress message sent to websocket topic."
"2026-06-02T02:42:04.625Z","169","SUCCESS","WS_MESSAGE_SENT","websocket","421f0db4-dbf1-4993-95d6-9cc23bf316ee","2155F2011F8E15F2F934F259607C0121","","","","DELIVERED","","","Payment progress message sent to websocket topic."
"2026-06-02T02:48:22.016Z","172","SUCCESS","WS_CONNECTED","websocket","4ebe8823-8909-4372-aeca-87d2e3d828ec","ffn5tsot","","","","CONNECTED","","","WebSocket session established."
"2026-06-02T02:48:22.029Z","175","INFO","PAYMENT_REQUEST_SENT","purchase_service","ac142a9c-8e70-4526-9ce0-ec9bcf85d347","2155F2011F8E15F2F934F259607C0121","10","0:0:0:0:0:0:0:1","VISA","STARTED","","","Checkout started for purchase flow."
"2026-06-02T02:48:22.031Z","178","INFO","PAYMENT_REQUEST_SENT","payment_gateway","ac142a9c-8e70-4526-9ce0-ec9bcf85d347","","","0:0:0:0:0:0:0:1","VISA","SENT","","","Payment request sent to external gateway."
"2026-06-02T02:48:22.685Z","181","ERROR","PAYMENT_DECLINED","payment_gateway","ac142a9c-8e70-4526-9ce0-ec9bcf85d347","","","0:0:0:0:0:0:0:1","VISA","FAILED","PAYMENT_DECLINED","","technical=Gateway returned a business rejection: Tarjeta rechazada. | functional=The card issuer declined the transaction."
"2026-06-02T02:48:22.685Z","184","INFO","PAYMENT_PHASE_QUEUED","rabbitmq","ac142a9c-8e70-4526-9ce0-ec9bcf85d347","2155F2011F8E15F2F934F259607C0121","","0:0:0:0:0:0:0:1","","QUEUED","","","Payment fase [INFO] published to RabbitMQ."
"2026-06-02T02:48:22.686Z","187","INFO","PAYMENT_PHASE_QUEUED","rabbitmq","ac142a9c-8e70-4526-9ce0-ec9bcf85d347","2155F2011F8E15F2F934F259607C0121","","0:0:0:0:0:0:0:1","","QUEUED","","","Payment fase [INFO] published to RabbitMQ."
"2026-06-02T02:48:22.686Z","190","INFO","PAYMENT_PHASE_QUEUED","rabbitmq","ac142a9c-8e70-4526-9ce0-ec9bcf85d347","2155F2011F8E15F2F934F259607C0121","","0:0:0:0:0:0:0:1","","QUEUED","","","Payment fase [INFO] published to RabbitMQ."
"2026-06-02T02:48:22.687Z","193","INFO","PAYMENT_PHASE_QUEUED","rabbitmq","ac142a9c-8e70-4526-9ce0-ec9bcf85d347","2155F2011F8E15F2F934F259607C0121","","0:0:0:0:0:0:0:1","","QUEUED","","","Payment fase [ERROR] published to RabbitMQ."
"2026-06-02T02:48:22.688Z","196","INFO","PAYMENT_PHASE_QUEUED","rabbitmq","ac142a9c-8e70-4526-9ce0-ec9bcf85d347","2155F2011F8E15F2F934F259607C0121","","0:0:0:0:0:0:0:1","","QUEUED","","","Payment fase [ERROR] published to RabbitMQ."
"2026-06-02T02:48:22.689Z","199","ERROR","PAYMENT_DECLINED","purchase_service","ac142a9c-8e70-4526-9ce0-ec9bcf85d347","2155F2011F8E15F2F934F259607C0121","10","0:0:0:0:0:0:0:1","VISA","FAILED","PAYMENT_DECLINED","","technical=Gateway rejected the payment: Tarjeta rechazada. | functional=The card was declined and the purchase was not completed."
"2026-06-02T02:48:22.789Z","202","SUCCESS","WS_MESSAGE_SENT","websocket","ac142a9c-8e70-4526-9ce0-ec9bcf85d347","2155F2011F8E15F2F934F259607C0121","","","","DELIVERED","","","Payment progress message sent to websocket topic."
"2026-06-02T02:48:22.888Z","205","SUCCESS","WS_MESSAGE_SENT","websocket","ac142a9c-8e70-4526-9ce0-ec9bcf85d347","2155F2011F8E15F2F934F259607C0121","","","","DELIVERED","","","Payment progress message sent to websocket topic."
"2026-06-02T02:48:22.995Z","208","SUCCESS","WS_MESSAGE_SENT","websocket","ac142a9c-8e70-4526-9ce0-ec9bcf85d347","2155F2011F8E15F2F934F259607C0121","","","","DELIVERED","","","Payment progress message sent to websocket topic."
"2026-06-02T02:48:23.105Z","211","SUCCESS","WS_MESSAGE_SENT","websocket","ac142a9c-8e70-4526-9ce0-ec9bcf85d347","2155F2011F8E15F2F934F259607C0121","","","","DELIVERED","","","Payment progress message sent to websocket topic."
"2026-06-02T02:48:24.024Z","214","SUCCESS","WS_MESSAGE_SENT","websocket","ac142a9c-8e70-4526-9ce0-ec9bcf85d347","2155F2011F8E15F2F934F259607C0121","","","","DELIVERED","","","Payment progress message sent to websocket topic."
